#-----------------------------------------------------------
# PlanAhead v14.7 (64-bit)
# Build 321239 by xbuild on Fri Sep 27 19:24:36 MDT 2013
# Start of session at: Mon Feb 12 14:54:39 2018
# Process ID: 2987
# Log file: /users/btech/hritvikt/Desktop/CS220/Lab4/1/encoder/planAhead_run_2/planAhead.log
# Journal file: /users/btech/hritvikt/Desktop/CS220/Lab4/1/encoder/planAhead_run_2/planAhead.jou
#-----------------------------------------------------------
start_gui
source /users/btech/hritvikt/Desktop/CS220/Lab4/1/encoder/pa.fromHdl.tcl
update_compile_order -fileset sim_1
set_property iostandard LVTTL [get_ports [list clock]]
set_property iostandard LVTTL [get_ports [list rota]]
set_property iostandard LVTTL [get_ports [list rotb]]
set_property iostandard LVCMOS33 [get_ports [list clock]]
set_property pulltype PULLDOWN [get_ports [list rota]]
set_property pulltype PULLDOWN [get_ports [list {led[0]}]]
set_property pulltype NONE [get_ports [list {led[0]}]]
set_property pulltype PULLUP [get_ports [list rota]]
set_property pulltype PULLUP [get_ports [list rotb]]
save_constraints
