MO main NULL main.v vlg2D/main.bin 1520414545
MO top NULL top.v vlg6F/top.bin 1520414546
MO adder5 NULL adder5.v vlg59/adder5.bin 1520414544
MO encoder NULL encoder.v vlg68/encoder.bin 1520414545
MO move NULL move.v vlg43/move.bin 1520414544
MO complement_adder NULL complement_adder.v vlg17/complement__adder.bin 1520414544
