MO main NULL main.v vlg2D/main.bin 1518436024
MO top NULL top.v vlg6F/top.bin 1518436025
MO adder5 NULL adder5.v vlg59/adder5.bin 1518436023
MO encoder NULL encoder.v vlg68/encoder.bin 1518436024
MO move NULL move.v vlg43/move.bin 1518436024
MO complement_adder NULL complement_adder.v vlg17/complement__adder.bin 1518436023
